<?php return array (
  0 => 'Symfony\\Bundle\\FrameworkBundle\\Controller\\AbstractController',
  1 => 'App\\Controller\\AdminAccountController',
  2 => 'App\\Controller\\AdminDashboardController',
  3 => 'App\\Controller\\AdminUserController',
  4 => 'App\\Controller\\AirportController',
  5 => 'App\\Controller\\BlogController',
  6 => 'App\\Controller\\ChambreController',
  7 => 'App\\Controller\\FrontController',
  8 => 'App\\Controller\\HomeController',
  9 => 'App\\Controller\\HotelController',
  10 => 'App\\Controller\\ProgrammeController',
  11 => 'App\\Controller\\RegistrationController',
  12 => 'App\\Controller\\ReservationHotelController',
  13 => 'App\\Controller\\ReservationVolAdminController',
  14 => 'App\\Controller\\ReservationvolController',
  15 => 'App\\Controller\\SecurityController',
  16 => 'App\\Controller\\UserController',
  17 => 'App\\Controller\\VolController',
  18 => 'App\\Controller\\VolclassController',
  19 => 'App\\Controller\\VoyageController',
  20 => 'App\\Entity\\Airport',
  21 => 'App\\Entity\\Blog',
  22 => 'App\\Entity\\BlogLike',
  23 => 'App\\Entity\\Chambre',
  24 => 'App\\Entity\\Hotel',
  25 => 'App\\Entity\\PdfGenerator',
  26 => 'App\\Entity\\Programme',
  27 => 'App\\Entity\\ReservationHotel',
  28 => 'App\\Entity\\ReservationVoyage',
  29 => 'App\\Entity\\Reservationvol',
  30 => 'App\\Entity\\User',
  31 => 'App\\Entity\\Vol',
  32 => 'App\\Entity\\Volclass',
  33 => 'App\\Entity\\Voyage',
  34 => 'Doctrine\\Bundle\\DoctrineBundle\\Controller\\ProfilerController',
  35 => 'Doctrine\\ORM\\Cache\\Persister\\Entity\\AbstractEntityPersister',
  36 => 'Doctrine\\ORM\\Cache\\Persister\\Entity\\CachedEntityPersister',
  37 => 'Doctrine\\ORM\\Cache\\Persister\\Entity\\NonStrictReadWriteCachedEntityPersister',
  38 => 'Doctrine\\ORM\\Cache\\Persister\\Entity\\ReadOnlyCachedEntityPersister',
  39 => 'Doctrine\\ORM\\Cache\\Persister\\Entity\\ReadWriteCachedEntityPersister',
  40 => 'Doctrine\\ORM\\Persisters\\Entity\\AbstractEntityInheritancePersister',
  41 => 'Doctrine\\ORM\\Persisters\\Entity\\BasicEntityPersister',
  42 => 'Doctrine\\ORM\\Persisters\\Entity\\CachedPersisterContext',
  43 => 'Doctrine\\ORM\\Persisters\\Entity\\EntityPersister',
  44 => 'Doctrine\\ORM\\Persisters\\Entity\\JoinedSubclassPersister',
  45 => 'Doctrine\\ORM\\Persisters\\Entity\\SingleTablePersister',
  46 => 'SymfonyCasts\\Bundle\\ResetPassword\\Controller\\ResetPasswordControllerTrait',
  48 => 'Symfony\\Bundle\\FrameworkBundle\\Controller\\ControllerResolver',
  49 => 'Symfony\\Bundle\\FrameworkBundle\\Controller\\RedirectController',
  50 => 'Symfony\\Bundle\\FrameworkBundle\\Controller\\TemplateController',
  51 => 'Symfony\\Bundle\\WebProfilerBundle\\Controller\\ExceptionPanelController',
  52 => 'Symfony\\Bundle\\WebProfilerBundle\\Controller\\ProfilerController',
  53 => 'Symfony\\Bundle\\WebProfilerBundle\\Controller\\RouterController',
  54 => 'Symfony\\Component\\HttpKernel\\Controller\\ArgumentResolver',
  55 => 'Symfony\\Component\\HttpKernel\\Controller\\ArgumentResolverInterface',
  56 => 'Symfony\\Component\\HttpKernel\\Controller\\ArgumentResolver\\DefaultValueResolver',
  57 => 'Symfony\\Component\\HttpKernel\\Controller\\ArgumentResolver\\NotTaggedControllerValueResolver',
  58 => 'Symfony\\Component\\HttpKernel\\Controller\\ArgumentResolver\\RequestAttributeValueResolver',
  59 => 'Symfony\\Component\\HttpKernel\\Controller\\ArgumentResolver\\RequestValueResolver',
  60 => 'Symfony\\Component\\HttpKernel\\Controller\\ArgumentResolver\\ServiceValueResolver',
  61 => 'Symfony\\Component\\HttpKernel\\Controller\\ArgumentResolver\\SessionValueResolver',
  62 => 'Symfony\\Component\\HttpKernel\\Controller\\ArgumentResolver\\TraceableValueResolver',
  63 => 'Symfony\\Component\\HttpKernel\\Controller\\ArgumentResolver\\VariadicValueResolver',
  64 => 'Symfony\\Component\\HttpKernel\\Controller\\ArgumentValueResolverInterface',
  65 => 'Symfony\\Component\\HttpKernel\\Controller\\ContainerControllerResolver',
  66 => 'Symfony\\Component\\HttpKernel\\Controller\\ControllerReference',
  67 => 'Symfony\\Component\\HttpKernel\\Controller\\ControllerResolver',
  68 => 'Symfony\\Component\\HttpKernel\\Controller\\ControllerResolverInterface',
  69 => 'Symfony\\Component\\HttpKernel\\Controller\\ErrorController',
  70 => 'Symfony\\Component\\HttpKernel\\Controller\\TraceableArgumentResolver',
  71 => 'Symfony\\Component\\HttpKernel\\Controller\\TraceableControllerResolver',
  72 => 'Symfony\\Component\\Security\\Http\\Controller\\UserValueResolver',
);