<?php return array (
  0 => 'Symfony\\Bundle\\FrameworkBundle\\Controller\\AbstractController',
  1 => 'App\\Controller\\AdminAccountController',
  2 => 'App\\Controller\\AdminDashboardController',
  3 => 'App\\Controller\\AdminUserController',
  4 => 'App\\Controller\\AirportController',
  5 => 'App\\Controller\\HomeController',
  6 => 'App\\Controller\\RegistrationController',
  7 => 'App\\Controller\\ReservationVolAdminController',
  8 => 'App\\Controller\\ReservationvolController',
  9 => 'App\\Controller\\SecurityController',
  10 => 'App\\Controller\\UserController',
  11 => 'App\\Controller\\VolController',
  12 => 'App\\Controller\\VolclassController',
  13 => 'App\\Entity\\Airport',
  14 => 'App\\Entity\\Reservationvol',
  15 => 'App\\Entity\\User',
  16 => 'App\\Entity\\Vol',
  17 => 'App\\Entity\\Volclass',
  18 => 'Doctrine\\Bundle\\DoctrineBundle\\Controller\\ProfilerController',
  19 => 'Doctrine\\ORM\\Cache\\Persister\\Entity\\AbstractEntityPersister',
  20 => 'Doctrine\\ORM\\Cache\\Persister\\Entity\\CachedEntityPersister',
  21 => 'Doctrine\\ORM\\Cache\\Persister\\Entity\\NonStrictReadWriteCachedEntityPersister',
  22 => 'Doctrine\\ORM\\Cache\\Persister\\Entity\\ReadOnlyCachedEntityPersister',
  23 => 'Doctrine\\ORM\\Cache\\Persister\\Entity\\ReadWriteCachedEntityPersister',
  24 => 'Doctrine\\ORM\\Persisters\\Entity\\AbstractEntityInheritancePersister',
  25 => 'Doctrine\\ORM\\Persisters\\Entity\\BasicEntityPersister',
  26 => 'Doctrine\\ORM\\Persisters\\Entity\\CachedPersisterContext',
  27 => 'Doctrine\\ORM\\Persisters\\Entity\\EntityPersister',
  28 => 'Doctrine\\ORM\\Persisters\\Entity\\JoinedSubclassPersister',
  29 => 'Doctrine\\ORM\\Persisters\\Entity\\SingleTablePersister',
  30 => 'SymfonyCasts\\Bundle\\ResetPassword\\Controller\\ResetPasswordControllerTrait',
  32 => 'Symfony\\Bundle\\FrameworkBundle\\Controller\\ControllerResolver',
  33 => 'Symfony\\Bundle\\FrameworkBundle\\Controller\\RedirectController',
  34 => 'Symfony\\Bundle\\FrameworkBundle\\Controller\\TemplateController',
  35 => 'Symfony\\Bundle\\WebProfilerBundle\\Controller\\ExceptionPanelController',
  36 => 'Symfony\\Bundle\\WebProfilerBundle\\Controller\\ProfilerController',
  37 => 'Symfony\\Bundle\\WebProfilerBundle\\Controller\\RouterController',
  38 => 'Symfony\\Component\\HttpKernel\\Controller\\ArgumentResolver',
  39 => 'Symfony\\Component\\HttpKernel\\Controller\\ArgumentResolverInterface',
  40 => 'Symfony\\Component\\HttpKernel\\Controller\\ArgumentResolver\\DefaultValueResolver',
  41 => 'Symfony\\Component\\HttpKernel\\Controller\\ArgumentResolver\\NotTaggedControllerValueResolver',
  42 => 'Symfony\\Component\\HttpKernel\\Controller\\ArgumentResolver\\RequestAttributeValueResolver',
  43 => 'Symfony\\Component\\HttpKernel\\Controller\\ArgumentResolver\\RequestValueResolver',
  44 => 'Symfony\\Component\\HttpKernel\\Controller\\ArgumentResolver\\ServiceValueResolver',
  45 => 'Symfony\\Component\\HttpKernel\\Controller\\ArgumentResolver\\SessionValueResolver',
  46 => 'Symfony\\Component\\HttpKernel\\Controller\\ArgumentResolver\\TraceableValueResolver',
  47 => 'Symfony\\Component\\HttpKernel\\Controller\\ArgumentResolver\\VariadicValueResolver',
  48 => 'Symfony\\Component\\HttpKernel\\Controller\\ArgumentValueResolverInterface',
  49 => 'Symfony\\Component\\HttpKernel\\Controller\\ContainerControllerResolver',
  50 => 'Symfony\\Component\\HttpKernel\\Controller\\ControllerReference',
  51 => 'Symfony\\Component\\HttpKernel\\Controller\\ControllerResolver',
  52 => 'Symfony\\Component\\HttpKernel\\Controller\\ControllerResolverInterface',
  53 => 'Symfony\\Component\\HttpKernel\\Controller\\ErrorController',
  54 => 'Symfony\\Component\\HttpKernel\\Controller\\TraceableArgumentResolver',
  55 => 'Symfony\\Component\\HttpKernel\\Controller\\TraceableControllerResolver',
  56 => 'Symfony\\Component\\Security\\Http\\Controller\\UserValueResolver',
);